rendered SLO_BUDGET_EXHAUSTED       wlct_slo_error_budget_remaining_ppm <= 0
rendered SLO_BURN_FAST              wlct_slo_burn_rate_ppm{window_kind="short"} > 14400000 and wlct_slo_burn_rate_ppm{window_kind="long"} > 14400000
rendered SLO_BURN_SLOW              wlct_slo_burn_rate_ppm{window_kind="short"} > 6000000 and wlct_slo_burn_rate_ppm{window_kind="long"} > 6000000
rendered TELEMETRY_EXPORT_FAILING   wlct_tracing_export_consecutive_failures > 3
refused  AMBIGUOUS_EXECUTION        no numeric threshold in the catalog (threshold: None)
refused  DATASET_VALIDATION_FAILURES no numeric threshold in the catalog (threshold: None)
refused  EXCHANGE_DISCONNECTED      no numeric threshold in the catalog (threshold: None)
refused  EXECUTION_QUEUE_BACKLOG    no numeric threshold in the catalog (threshold: None)
refused  EXECUTION_UNAVAILABLE      no numeric threshold in the catalog (threshold: None)
refused  KILL_SWITCH_ENGAGED        no numeric threshold in the catalog (threshold: None)
refused  MARKET_DATA_STALE          no numeric threshold in the catalog (threshold: None)
refused  ORDERBOOK_RESYNC_STORM     no registered family in this tree exposes the unit the rule names
refused  POSTGRES_UNAVAILABLE       no numeric threshold in the catalog (threshold: None)
refused  PROTECTION_TRIGGERED       no numeric threshold in the catalog (threshold: None)
refused  QUEUE_BACKLOG              no numeric threshold in the catalog (threshold: None)
refused  RATE_LIMIT_EXHAUSTION      no numeric threshold in the catalog (threshold: None)
refused  RECONCILIATION_DISCREPANCY no numeric threshold in the catalog (threshold: None)
refused  REDIS_UNAVAILABLE          no numeric threshold in the catalog (threshold: None)
refused  REPEATED_ORDER_REJECTION   no registered family in this tree exposes the unit the rule names
refused  RISK_ENGINE_UNAVAILABLE    no numeric threshold in the catalog (threshold: None)
refused  RISK_SNAPSHOT_STALE        no numeric threshold in the catalog (threshold: None)
refused  SLO_TELEMETRY_GAP          no numeric threshold in the catalog (threshold: None)
refused  STRATEGY_ERROR_SPIKE       no registered family in this tree exposes the unit the rule names
refused  WORKER_FAILURE             no numeric threshold in the catalog (threshold: None)
