
=== deps: python ===
python deps ok

=== deps: node ===

Run `npm audit` for details.
> rimraf dist && tsc -p tsconfig.json

Tip: Need your database queries to be 1000x faster? Accelerate offers you that and more: https://pris.ly/tip-2-accelerate

node deps ok (attempt 1)
v20.20.2
node_modules bins: 59

=== generate PART21 ===
gen 21 exit=0 lines=12026

=== source dump ===
Wrote 11 sections, 855 files, 574034 lines to docs/source/

=== check PART16 ===
check 16 exit=0 -> OK: PART16_HANDOVER_FULL_SOURCE.md is byte-identical to a fresh generation

=== check PART17 ===
check 17 exit=0 -> OK: PART17_HANDOVER_FULL_SOURCE.md is byte-identical to a fresh generation

=== check PART18 ===
check 18 exit=0 -> OK: PART18_HANDOVER_FULL_SOURCE.md is byte-identical to a fresh generation

=== check PART19 ===
check 19 exit=0 -> OK: PART19_HANDOVER_FULL_SOURCE.md is byte-identical to a fresh generation

=== check PART20 ===
check 20 exit=1 -> STALE: PART20_HANDOVER_FULL_SOURCE.md differs from a fresh generation (12,716 generated lines vs 12,716 committed)

=== check PART21 ===
