
=== deps: python ===
python deps ok

=== deps: node ===

Run `npm audit` for details.
> rimraf dist && tsc -p tsconfig.json

Tip: Want real-time updates to your database without manual polling? Discover how with Pulse: https://pris.ly/tip-0-pulse

node deps ok (attempt 1)
v20.20.2
node_modules bins: 59

=== generate PART16 ===
gen 16 exit=0 lines=22943

=== generate PART17 ===
gen 17 exit=0 lines=13987

=== generate PART18 ===
gen 18 exit=0 lines=14054

=== generate PART19 ===
gen 19 exit=0 lines=20861

=== generate PART20 ===
gen 20 exit=0 lines=12716

=== generate PART21 ===
gen 21 exit=0 lines=12058

=== source dump ===
Wrote 11 sections, 855 files, 574092 lines to docs/source/

=== check PART16 ===
check 16 exit=0 -> OK: PART16_HANDOVER_FULL_SOURCE.md is byte-identical to a fresh generation

=== check PART17 ===
check 17 exit=0 -> OK: PART17_HANDOVER_FULL_SOURCE.md is byte-identical to a fresh generation

=== check PART18 ===
check 18 exit=0 -> OK: PART18_HANDOVER_FULL_SOURCE.md is byte-identical to a fresh generation

=== check PART19 ===
check 19 exit=0 -> OK: PART19_HANDOVER_FULL_SOURCE.md is byte-identical to a fresh generation

=== check PART20 ===
check 20 exit=0 -> OK: PART20_HANDOVER_FULL_SOURCE.md is byte-identical to a fresh generation

=== check PART21 ===
check 21 exit=1 -> STALE: PART21_HANDOVER_FULL_SOURCE.md differs from a fresh generation (12,058 generated lines vs 12,058 committed)

=== core gates ===
All checks passed!
Success: no issues found in 152 source files
........................................                                 [100%]
1696 passed in 4.24s

=== engine + services ===
All checks passed!
Success: no issues found in 24 source files
428 passed, 12 skipped in 4.16s
43 passed in 0.33s
19 passed in 0.12s

=== node + scripts gates ===
tsc exit=0
eslint exit=0
Snapshots:   0 total
Time:        10.988 s, estimated 12 s
admin tsc exit=0
# tests 133
# pass 133
# fail 0
dr-schedule-install.test.mjs: # pass 26
dr-schedule-install.test.mjs: # fail 0
dr-rehearsal.test.mjs: # pass 33
dr-rehearsal.test.mjs: # fail 0
dr-manifest.test.mjs: # pass 63
dr-manifest.test.mjs: # fail 0
[warn] docs/dr/manifest.json
[warn] Code style issues found in 126 files. Run Prettier with --write to fix.

=== dr command set ===
manifest valid: 5 components (4 with cadence), RPO 60m / RTO 4h, drill every 90d (timed: true), ledger entries: 0
check exit=0
schedule valid: 3 job line(s) (--due, --check, --check-rls), derived from 5 components, no ledger-writing mode present
check-schedule exit=0
check-rls exit=1
verify-rls exit=3
install --check exit=4
rehearsal --status exit=1
chaos --list exit=0
chaos local exit=2
chaos production exit=3

=== DONE ===
